2024-04-01 14:45:28,478 [INFO] Activator:176 - 


2024-04-01 14:45:28,488 [INFO] Activator:177 - !SESSION log4j initialized
2024-04-01 14:45:30,011 [INFO] LogOutputStream:77 - [STDOUT_REDIRECT] 
2024-04-01 14:45:30,261 [ERROR] ConfigurationRetriever:142 - IOException on connection: sw-center.st.com
2024-04-01 14:45:30,262 [ERROR] ConfigurationRetriever:142 - IOException on connection: sw-center.st.com
2024-04-01 14:45:30,263 [ERROR] ConfigurationRetriever:142 - IOException on connection: sw-center.st.com
2024-04-01 14:45:42,227 [INFO] ApplicationProperties:184 - Using Application install path: C:\ST\STM32CubeIDE_1.11.0\STM32CubeIDE\plugins\com.st.stm32cube.common.mx_6.11.0.202403141607
2024-04-01 14:45:42,241 [INFO] DbMcusXml:78 - Set database path to: C:\ST\STM32CubeIDE_1.11.0\STM32CubeIDE\plugins\com.st.stm32cube.common.mx_6.11.0.202403141607\\db\/mcu/
2024-04-01 14:45:42,241 [INFO] ApiDb:274 - Set plugin database path to: C:\ST\STM32CubeIDE_1.11.0\STM32CubeIDE\plugins\com.st.stm32cube.common.mx_6.11.0.202403141607\\db\/plugins/boardmanager/
2024-04-01 14:45:42,241 [WARN] ApiDb:259 - Overriding images path with different value:  => C:\ST\STM32CubeIDE_1.11.0\STM32CubeIDE\plugins\com.st.stm32cube.common.mx_6.11.0.202403141607\\db\/plugins/mcufinder/images/
2024-04-01 14:45:42,251 [INFO] ApiDb:250 - Set database path to: C:\Users\leest\.stmcufinder\plugins\mcufinder//mcu/
2024-04-01 14:45:42,252 [INFO] DbMcusAds:125 - Set database path to: C:\Users\leest\.stmcufinder\plugins\mcufinder//mcu/
2024-04-01 14:45:42,253 [INFO] CrossReferenceDbSqlite:203 - Set database path to: C:\Users\leest\.stmcufinder\plugins\mcufinder//mcu/cs/
2024-04-01 14:45:42,339 [INFO] RulesReader:64 - Compatibility file has been processed (297 Rules)
2024-04-01 14:45:42,418 [INFO] DbMcusXml:78 - Set database path to: C:\ST\STM32CubeIDE_1.11.0\STM32CubeIDE\plugins\com.st.stm32cube.common.mx_6.11.0.202403141607\\db\/mcu/
2024-04-01 14:45:42,418 [INFO] ApiDb:274 - Set plugin database path to: C:\ST\STM32CubeIDE_1.11.0\STM32CubeIDE\plugins\com.st.stm32cube.common.mx_6.11.0.202403141607\\db\/plugins/boardmanager/
2024-04-01 14:45:42,418 [INFO] ApiDb:261 - Set plugin images path to: C:\ST\STM32CubeIDE_1.11.0\STM32CubeIDE\plugins\com.st.stm32cube.common.mx_6.11.0.202403141607\\db\/plugins/mcufinder/images/
2024-04-01 14:45:42,418 [WARN] DbFile:41 - Overriding database path with different value: C:\Users\leest\.stmcufinder\plugins\mcufinder/ => C:\Users\leest\.stmcufinder\plugins\mcufinder
2024-04-01 14:45:42,418 [INFO] ApiDb:250 - Set database path to: C:\Users\leest\.stmcufinder\plugins\mcufinder//mcu/
2024-04-01 14:45:42,418 [WARN] DbFile:41 - Overriding database path with different value: C:\Users\leest\.stmcufinder\plugins\mcufinder/ => C:\Users\leest\.stmcufinder\plugins\mcufinder
2024-04-01 14:45:42,418 [INFO] DbMcusAds:125 - Set database path to: C:\Users\leest\.stmcufinder\plugins\mcufinder//mcu/
2024-04-01 14:45:42,418 [WARN] DbFile:41 - Overriding database path with different value: C:\Users\leest\.stmcufinder\plugins\mcufinder/ => C:\Users\leest\.stmcufinder\plugins\mcufinder
2024-04-01 14:45:42,418 [WARN] DbFile:41 - Overriding database path with different value: C:\Users\leest\.stmcufinder\plugins\mcufinder/ => C:\Users\leest\.stmcufinder\plugins\mcufinder
2024-04-01 14:45:42,418 [INFO] CrossReferenceDbSqlite:203 - Set database path to: C:\Users\leest\.stmcufinder\plugins\mcufinder//mcu/cs/
2024-04-01 14:45:42,480 [INFO] MainPanel:264 - HeapMemory: 268435456
2024-04-01 14:45:42,555 [INFO] DbMcusXml:78 - Set database path to: C:\ST\STM32CubeIDE_1.11.0\STM32CubeIDE\plugins\com.st.stm32cube.common.mx_6.11.0.202403141607\\db\/mcu/
2024-04-01 14:45:42,555 [INFO] ApiDb:274 - Set plugin database path to: C:\ST\STM32CubeIDE_1.11.0\STM32CubeIDE\plugins\com.st.stm32cube.common.mx_6.11.0.202403141607\\db\/plugins/boardmanager/
2024-04-01 14:45:42,555 [INFO] ApiDb:261 - Set plugin images path to: C:\ST\STM32CubeIDE_1.11.0\STM32CubeIDE\plugins\com.st.stm32cube.common.mx_6.11.0.202403141607\\db\/plugins/mcufinder/images/
2024-04-01 14:45:42,555 [WARN] DbFile:41 - Overriding database path with different value: C:\Users\leest\.stmcufinder\plugins\mcufinder/ => C:\Users\leest\.stmcufinder\plugins\mcufinder
2024-04-01 14:45:42,555 [INFO] ApiDb:250 - Set database path to: C:\Users\leest\.stmcufinder\plugins\mcufinder//mcu/
2024-04-01 14:45:42,555 [WARN] DbFile:41 - Overriding database path with different value: C:\Users\leest\.stmcufinder\plugins\mcufinder/ => C:\Users\leest\.stmcufinder\plugins\mcufinder
2024-04-01 14:45:42,555 [INFO] DbMcusAds:125 - Set database path to: C:\Users\leest\.stmcufinder\plugins\mcufinder//mcu/
2024-04-01 14:45:42,555 [WARN] DbFile:41 - Overriding database path with different value: C:\Users\leest\.stmcufinder\plugins\mcufinder/ => C:\Users\leest\.stmcufinder\plugins\mcufinder
2024-04-01 14:45:42,556 [WARN] DbFile:41 - Overriding database path with different value: C:\Users\leest\.stmcufinder\plugins\mcufinder/ => C:\Users\leest\.stmcufinder\plugins\mcufinder
2024-04-01 14:45:42,556 [INFO] CrossReferenceDbSqlite:203 - Set database path to: C:\Users\leest\.stmcufinder\plugins\mcufinder//mcu/cs/
2024-04-01 14:45:42,570 [INFO] ApplicationProperties:184 - Using Application install path: C:\ST\STM32CubeIDE_1.11.0\STM32CubeIDE\plugins\com.st.stm32cube.common.mx_6.11.0.202403141607
2024-04-01 14:45:42,571 [INFO] PluginManage:196 - Search for loadable plugins [exclusion list=, ]
2024-04-01 14:45:42,572 [INFO] PluginManage:310 - Check plugin analytics
2024-04-01 14:45:42,693 [ERROR] ConfigurationRetriever:142 - IOException on connection: sw-center.st.com
2024-04-01 14:45:42,694 [ERROR] ConfigurationRetriever:142 - IOException on connection: sw-center.st.com
2024-04-01 14:45:42,695 [ERROR] ConfigurationRetriever:142 - IOException on connection: sw-center.st.com
2024-04-01 14:45:42,712 [INFO] AnalyticsPlugin:253 - Accepted Software Licenses: 
2024-04-01 14:45:42,712 [INFO] AnalyticsPlugin:255 - Accepted CMSIS Pack Licenses: 
2024-04-01 14:45:42,712 [INFO] AnalyticsPlugin:257 - Accepted Firmware Licenses: FW.F4.1.27.0,FW.F4.1.28.0
2024-04-01 14:45:42,712 [INFO] PluginManage:359 - Loaded plugin analytics (category:tool,tabindex:-1)
2024-04-01 14:45:42,713 [INFO] PluginManage:310 - Check plugin cadmodel
2024-04-01 14:45:42,715 [ERROR] ConfigurationRetriever:142 - IOException on connection: sw-center.st.com
2024-04-01 14:45:42,716 [ERROR] ConfigurationRetriever:142 - IOException on connection: sw-center.st.com
2024-04-01 14:45:42,717 [ERROR] ConfigurationRetriever:142 - IOException on connection: sw-center.st.com
2024-04-01 14:45:42,720 [INFO] CADModel:105 - Init CAD model plugin
2024-04-01 14:45:42,721 [INFO] PluginManage:359 - Loaded plugin cadmodel (category:power,tabindex:5)
2024-04-01 14:45:42,721 [INFO] PluginManage:310 - Check plugin clock
2024-04-01 14:45:42,735 [INFO] PluginManage:359 - Loaded plugin clock (category:base,tabindex:2)
2024-04-01 14:45:42,736 [INFO] PluginManage:310 - Check plugin ddr
2024-04-01 14:45:42,739 [INFO] PluginManage:359 - Loaded plugin ddr (category:tool,tabindex:6)
2024-04-01 14:45:42,739 [INFO] PluginManage:310 - Check plugin filemanager
2024-04-01 14:45:42,906 [INFO] PluginManage:359 - Loaded plugin filemanager (category:base,tabindex:10)
2024-04-01 14:45:42,906 [INFO] PluginManage:310 - Check plugin ipmanager
2024-04-01 14:45:42,916 [INFO] PluginManage:359 - Loaded plugin ipmanager (category:base,tabindex:5)
2024-04-01 14:45:42,916 [INFO] PluginManage:310 - Check plugin lpbam
2024-04-01 14:45:42,927 [INFO] PluginManage:359 - Loaded plugin lpbam (category:base,tabindex:0)
2024-04-01 14:45:42,927 [INFO] PluginManage:310 - Check plugin memorymap
2024-04-01 14:45:42,950 [INFO] PluginManage:359 - Loaded plugin memorymap (category:base,tabindex:4)
2024-04-01 14:45:42,950 [INFO] PluginManage:310 - Check plugin pinoutandconfiguration
2024-04-01 14:45:42,963 [INFO] PluginManage:359 - Loaded plugin pinoutandconfiguration (category:base,tabindex:1)
2024-04-01 14:45:42,963 [INFO] PluginManage:310 - Check plugin pinoutconfig
2024-04-01 14:45:43,094 [WARN] SupportedApi:132 - Cannot load RTOS API schema: s4s-elt-must-match.1: The content of 'definitions' must match (annotation?, (simpleType | complexType)?, (unique | key | keyref)*)). A problem was found starting at: attribute.
2024-04-01 14:45:43,366 [INFO] PluginManage:359 - Loaded plugin pinoutconfig (category:base,tabindex:0)
2024-04-01 14:45:43,366 [INFO] PluginManage:310 - Check plugin power
2024-04-01 14:45:43,377 [INFO] PluginManage:359 - Loaded plugin power (category:power,tabindex:4)
2024-04-01 14:45:43,377 [INFO] PluginManage:310 - Check plugin projectmanager
2024-04-01 14:45:43,397 [INFO] PluginManage:359 - Loaded plugin projectmanager (category:projectmanager,tabindex:3)
2024-04-01 14:45:43,397 [INFO] PluginManage:310 - Check plugin thirdparty
2024-04-01 14:45:43,511 [INFO] PluginManage:359 - Loaded plugin thirdparty (category:base,tabindex:-1)
2024-04-01 14:45:43,511 [WARN] IntegrityCheckThread:84 - waiting for thirdparty lock release [integrity check]
2024-04-01 14:45:43,511 [INFO] PluginManage:310 - Check plugin tools
2024-04-01 14:45:43,511 [INFO] IntegrityCheckThread:86 - entering critical section [integrity check]
2024-04-01 14:45:43,511 [INFO] ThirdPartyUpdaterWithRetryManager:70 - Updater plugin not ready yet. [1/15]
2024-04-01 14:45:43,513 [INFO] PluginManage:359 - Loaded plugin tools (category:base,tabindex:7)
2024-04-01 14:45:43,513 [INFO] PluginManage:310 - Check plugin tutovideos
2024-04-01 14:45:43,624 [FATAL] PluginManage:371 - Exception caught
java.lang.reflect.InvocationTargetException: null
	at jdk.internal.reflect.NativeConstructorAccessorImpl.newInstance0(Native Method) ~[?:?]
	at jdk.internal.reflect.NativeConstructorAccessorImpl.newInstance(NativeConstructorAccessorImpl.java:77) ~[?:?]
	at jdk.internal.reflect.DelegatingConstructorAccessorImpl.newInstance(DelegatingConstructorAccessorImpl.java:45) ~[?:?]
	at java.lang.reflect.Constructor.newInstanceWithCaller(Constructor.java:499) ~[?:?]
	at java.lang.reflect.Constructor.newInstance(Constructor.java:480) ~[?:?]
	at com.st.microxplorer.plugin.PluginManage.loadPluginJar(PluginManage.java:352) ~[STM32CubeMX.jar:?]
	at com.st.microxplorer.plugin.PluginManage.PluginSearch(PluginManage.java:224) ~[STM32CubeMX.jar:?]
	at com.st.microxplorer.plugin.PluginManage.PluginDiscovery(PluginManage.java:67) ~[STM32CubeMX.jar:?]
	at com.st.microxplorer.maingui.MainPanel.initialization(MainPanel.java:316) ~[STM32CubeMX.jar:?]
	at com.st.microxplorer.maingui.AppletMainFrameCubeIde.init(AppletMainFrameCubeIde.java:242) ~[STM32CubeMX.jar:?]
	at com.st.stm32cube.common.mx.core.CubeMxInstance.<init>(CubeMxInstance.java:117) ~[com.st.stm32cube.common.mx_6.11.0.202403141607/:?]
	at com.st.stm32cube.common.mx.core.CubeMxInstance.getInstance(CubeMxInstance.java:91) ~[com.st.stm32cube.common.mx_6.11.0.202403141607/:?]
	at com.st.stm32cube.common.mx.userauth.UserAuthAdapter.<init>(UserAuthAdapter.java:25) ~[com.st.stm32cube.common.mx_6.11.0.202403141607/:?]
	at com.st.stm32cube.common.mx.userauth.UserAuthProvider.getUserAuthAdapter(UserAuthProvider.java:16) ~[com.st.stm32cube.common.mx_6.11.0.202403141607/:?]
	at com.st.stm32cube.common.ecosystemintegration.ui.core.MCUEcoSystemIntegrationUiHelper.getUserAuth(MCUEcoSystemIntegrationUiHelper.java:100) ~[?:?]
	at com.st.stm32cube.ide.mcu.userauth.UserAuthStartup.earlyStartup(UserAuthStartup.java:41) ~[?:?]
	at org.eclipse.ui.internal.EarlyStartupRunnable.runEarlyStartup(EarlyStartupRunnable.java:79) ~[?:?]
	at org.eclipse.ui.internal.EarlyStartupRunnable.run(EarlyStartupRunnable.java:55) ~[?:?]
	at org.eclipse.core.runtime.SafeRunner.run(SafeRunner.java:47) ~[org.eclipse.equinox.common_3.18.200.v20231106-1826.jar:?]
	at org.eclipse.ui.internal.Workbench$39.run(Workbench.java:2762) ~[?:?]
	at org.eclipse.core.internal.jobs.Worker.run(Worker.java:63) ~[?:?]
Caused by: java.lang.IllegalStateException: Module has been uninstalled. osgi.identity; type="osgi.bundle"; version:Version="6.11.0.202403141607"; osgi.identity="com.st.stm32cube.common.mx"; singleton:="true" [id=420]
	at org.eclipse.osgi.container.Module.checkValid(Module.java:560) ~[?:?]
	at org.eclipse.osgi.container.Module.start(Module.java:421) ~[?:?]
	at org.eclipse.osgi.framework.util.SecureAction.start(SecureAction.java:513) ~[?:?]
	at org.eclipse.osgi.internal.hooks.EclipseLazyStarter.postFindLocalClass(EclipseLazyStarter.java:117) ~[?:?]
	at org.eclipse.osgi.internal.loader.classpath.ClasspathManager.findLocalClass(ClasspathManager.java:570) ~[?:?]
	at org.eclipse.osgi.internal.loader.ModuleClassLoader.findLocalClass(ModuleClassLoader.java:335) ~[?:?]
	at org.eclipse.osgi.internal.loader.BundleLoader.findLocalClass(BundleLoader.java:397) ~[?:?]
	at org.eclipse.osgi.internal.loader.BundleLoader.findClass0(BundleLoader.java:500) ~[?:?]
	at org.eclipse.osgi.internal.loader.BundleLoader.findClass(BundleLoader.java:416) ~[?:?]
	at org.eclipse.osgi.internal.loader.ModuleClassLoader.loadClass(ModuleClassLoader.java:168) ~[?:?]
	at java.lang.ClassLoader.loadClass(ClassLoader.java:525) ~[?:?]
	at com.fasterxml.jackson.databind.deser.BasicDeserializerFactory._findStdValueInstantiator(BasicDeserializerFactory.java:287) ~[STM32CubeMX.jar:?]
	at com.fasterxml.jackson.databind.deser.BasicDeserializerFactory.findValueInstantiator(BasicDeserializerFactory.java:253) ~[STM32CubeMX.jar:?]
	at com.fasterxml.jackson.databind.deser.BeanDeserializerFactory.buildBeanDeserializer(BeanDeserializerFactory.java:214) ~[STM32CubeMX.jar:?]
	at com.fasterxml.jackson.databind.deser.BeanDeserializerFactory.createBeanDeserializer(BeanDeserializerFactory.java:137) ~[STM32CubeMX.jar:?]
	at com.fasterxml.jackson.databind.deser.DeserializerCache._createDeserializer2(DeserializerCache.java:411) ~[STM32CubeMX.jar:?]
	at com.fasterxml.jackson.databind.deser.DeserializerCache._createDeserializer(DeserializerCache.java:349) ~[STM32CubeMX.jar:?]
	at com.fasterxml.jackson.databind.deser.DeserializerCache._createAndCache2(DeserializerCache.java:264) ~[STM32CubeMX.jar:?]
	at com.fasterxml.jackson.databind.deser.DeserializerCache._createAndCacheValueDeserializer(DeserializerCache.java:244) ~[STM32CubeMX.jar:?]
	at com.fasterxml.jackson.databind.deser.DeserializerCache.findValueDeserializer(DeserializerCache.java:142) ~[STM32CubeMX.jar:?]
	at com.fasterxml.jackson.databind.DeserializationContext.findRootValueDeserializer(DeserializationContext.java:477) ~[STM32CubeMX.jar:?]
	at com.fasterxml.jackson.databind.ObjectMapper._findRootDeserializer(ObjectMapper.java:4178) ~[STM32CubeMX.jar:?]
	at com.fasterxml.jackson.databind.ObjectMapper._readMapAndClose(ObjectMapper.java:3997) ~[STM32CubeMX.jar:?]
	at com.fasterxml.jackson.databind.ObjectMapper.readValue(ObjectMapper.java:2890) ~[STM32CubeMX.jar:?]
	at com.st.microxplorer.plugins.tutovideos.TutoVideosMain.loadTutoVideoDB(TutoVideosMain.java:160) ~[?:?]
	at com.st.microxplorer.plugins.tutovideos.TutoVideosPlugin.<init>(TutoVideosPlugin.java:76) ~[?:?]
	... 21 more
2024-04-01 14:45:43,667 [INFO] UserAuth:114 - Init User Auth plugin
